Statement for BigCoII
  Henry V: $730.00 (53 seats)
  As You Like It: $850.00 (55 seats)
Amount owed is $1,580.00
You earned 48 credits
