Statement for BigCoII<br />
  Henry V: $730.00 (53 seats)<br />
  As You Like It: $850.00 (55 seats)<br />
Amount owed is $1,580.00<br />
You earned 48 credits<br />
